DEBUG: 2026-03-21 14:20:01,170 INFO: Before Loop in 
DEBUG: 2026-03-21 14:21:35,038 INFO: Application is starting -----------
DEBUG: 2026-03-21 14:21:35,043 INFO: Application started -----------
DEBUG: 2026-03-21 14:21:35,333 INFO: Before Loop in 
DEBUG: 2026-03-21 14:22:13,655 INFO: Application is starting -----------
DEBUG: 2026-03-21 14:22:13,658 INFO: Application started -----------
DEBUG: 2026-03-21 14:22:14,015 INFO: Before Loop in []
DEBUG: 2026-03-21 14:23:51,194 INFO: Before Loop in []
DEBUG: 2026-03-21 14:24:10,112 INFO: Application is starting -----------
DEBUG: 2026-03-21 14:24:10,113 INFO: Application started -----------
DEBUG: 2026-03-21 14:24:12,075 INFO: Application is starting -----------
DEBUG: 2026-03-21 14:24:12,075 INFO: Application started -----------
DEBUG: 2026-03-21 14:24:20,209 INFO: Before Loop in []
DEBUG: 2026-03-21 14:25:15,174 INFO: Application is starting -----------
DEBUG: 2026-03-21 14:25:15,175 INFO: Application started -----------
DEBUG: 2026-03-21 14:25:59,237 INFO: Application is starting -----------
DEBUG: 2026-03-21 14:25:59,238 INFO: Application started -----------
DEBUG: 2026-03-21 14:25:59,797 INFO: Before Loop in None
DEBUG: 2026-03-22 00:02:20,113 INFO: Application is starting -----------
DEBUG: 2026-03-22 00:02:20,115 INFO: Application started -----------
DEBUG: 2026-03-22 00:02:23,210 INFO: Application is starting -----------
DEBUG: 2026-03-22 00:02:23,211 INFO: Application started -----------
DEBUG: 2026-03-22 00:08:16,894 INFO: Before Loop in [GeoBucket(id=1, h3_index='88589c8563fffff', center=<WKBElement at 0x107c7cd00; 0101000000ba490c022b070d40a9a44e4013e11940>, created_at=datetime.datetime(2026, 2, 23, 3, 49, 34, 640581, tzinfo=datetime.timezone.utc), canonical_name='Sangotedo'), GeoBucket(id=2, h3_index='88588160d3fffff', center=<WKBElement at 0x107c7cd30; 0101000000a1d634ef3885124017d9cef753e31d40>, created_at=datetime.datetime(2026, 3, 21, 12, 27, 26, 889987, tzinfo=datetime.timezone.utc), canonical_name='Palm groove')]
DEBUG: 2026-03-22 00:08:16,897 INFO: Loop in id=1 h3_index='88589c8563fffff' center=<WKBElement at 0x107c7cd00; 0101000000ba490c022b070d40a9a44e4013e11940> created_at=datetime.datetime(2026, 2, 23, 3, 49, 34, 640581, tzinfo=datetime.timezone.utc) canonical_name='Sangotedo'
DEBUG: 2026-03-22 00:12:53,495 INFO: Application is starting -----------
DEBUG: 2026-03-22 00:12:53,497 INFO: Application started -----------
DEBUG: 2026-03-22 00:12:59,944 INFO: Loop in h3_index='88589c8563fffff' id=1 center=<WKBElement at 0x10a449d60; 0101000000ba490c022b070d40a9a44e4013e11940> created_at=datetime.datetime(2026, 2, 23, 3, 49, 34, 640581, tzinfo=datetime.timezone.utc) canonical_name='Sangotedo'
DEBUG: 2026-03-22 00:12:59,961 INFO: Loop in h3_index='88588160d3fffff' id=2 center=<WKBElement at 0x10a449d90; 0101000000a1d634ef3885124017d9cef753e31d40> created_at=datetime.datetime(2026, 3, 21, 12, 27, 26, 889987, tzinfo=datetime.timezone.utc) canonical_name='Palm groove'
DEBUG: 2026-03-22 00:14:29,666 INFO: Application is starting -----------
DEBUG: 2026-03-22 00:14:29,667 INFO: Application started -----------
DEBUG: 2026-03-22 00:14:29,981 INFO: Loop in id=1 h3_index='88589c8563fffff' center=<WKBElement at 0x10db12dc0; 0101000000ba490c022b070d40a9a44e4013e11940> created_at=datetime.datetime(2026, 2, 23, 3, 49, 34, 640581, tzinfo=datetime.timezone.utc) canonical_name='Sangotedo'
DEBUG: 2026-03-22 00:14:29,999 INFO: Loop in id=2 h3_index='88588160d3fffff' center=<WKBElement at 0x10db12df0; 0101000000a1d634ef3885124017d9cef753e31d40> created_at=datetime.datetime(2026, 3, 21, 12, 27, 26, 889987, tzinfo=datetime.timezone.utc) canonical_name='Palm groove'
DEBUG: 2026-03-22 00:18:51,656 INFO: Application is starting -----------
DEBUG: 2026-03-22 00:18:51,659 INFO: Application started -----------
DEBUG: 2026-03-22 00:19:11,020 INFO: Application is starting -----------
DEBUG: 2026-03-22 00:19:11,021 INFO: Application started -----------
DEBUG: 2026-03-22 00:19:11,566 INFO: Loop in id=1 h3_index='88589c8563fffff' center=<WKBElement at 0x107c7bd90; 0101000000ba490c022b070d40a9a44e4013e11940> created_at=datetime.datetime(2026, 2, 23, 3, 49, 34, 640581, tzinfo=datetime.timezone.utc) canonical_name='Sangotedo'
DEBUG: 2026-03-22 00:19:11,592 INFO: Loop in id=2 h3_index='88588160d3fffff' center=<WKBElement at 0x107c7bdc0; 0101000000a1d634ef3885124017d9cef753e31d40> created_at=datetime.datetime(2026, 3, 21, 12, 27, 26, 889987, tzinfo=datetime.timezone.utc) canonical_name='Palm groove'
DEBUG: 2026-03-22 00:22:31,502 INFO: Application is starting -----------
DEBUG: 2026-03-22 00:22:31,503 INFO: Application started -----------
DEBUG: 2026-03-22 00:24:03,626 INFO: Application is starting -----------
DEBUG: 2026-03-22 00:24:03,627 INFO: Application started -----------
DEBUG: 2026-03-22 00:24:49,779 INFO: Application is starting -----------
DEBUG: 2026-03-22 00:24:49,780 INFO: Application started -----------
DEBUG: 2026-03-22 00:25:46,426 INFO: Application is starting -----------
DEBUG: 2026-03-22 00:25:46,427 INFO: Application started -----------
DEBUG: 2026-03-22 00:25:46,743 INFO: Loop in id=1 h3_index='88589c8563fffff' center=<WKBElement at 0x110e5edc0; 0101000000ba490c022b070d40a9a44e4013e11940> created_at=datetime.datetime(2026, 2, 23, 3, 49, 34, 640581, tzinfo=datetime.timezone.utc) canonical_name='Sangotedo'
DEBUG: 2026-03-22 00:25:46,754 INFO: Loop in id=2 h3_index='88588160d3fffff' center=<WKBElement at 0x110e5edf0; 0101000000a1d634ef3885124017d9cef753e31d40> created_at=datetime.datetime(2026, 3, 21, 12, 27, 26, 889987, tzinfo=datetime.timezone.utc) canonical_name='Palm groove'
DEBUG: 2026-03-22 00:26:37,973 INFO: Application is starting -----------
DEBUG: 2026-03-22 00:26:37,974 INFO: Application started -----------
DEBUG: 2026-03-22 00:26:38,291 INFO: Loop in h3_index='88589c8563fffff' id=1 center=<WKBElement at 0x1141c4dc0; 0101000000ba490c022b070d40a9a44e4013e11940> created_at=datetime.datetime(2026, 2, 23, 3, 49, 34, 640581, tzinfo=datetime.timezone.utc) canonical_name='Sangotedo'
DEBUG: 2026-03-22 00:26:38,299 INFO: Loop in h3_index='88588160d3fffff' id=2 center=<WKBElement at 0x1141c4df0; 0101000000a1d634ef3885124017d9cef753e31d40> created_at=datetime.datetime(2026, 3, 21, 12, 27, 26, 889987, tzinfo=datetime.timezone.utc) canonical_name='Palm groove'
DEBUG: 2026-03-22 00:41:34,825 INFO: Application is starting -----------
DEBUG: 2026-03-22 00:41:34,831 INFO: Application started -----------
DEBUG: 2026-03-22 00:41:36,146 INFO: Loop in canonical_name='Sangotedo' center=<WKBElement at 0x10c9b2dc0; 0101000000ba490c022b070d40a9a44e4013e11940> id=1 h3_index='88589c8563fffff' created_at=datetime.datetime(2026, 2, 23, 3, 49, 34, 640581, tzinfo=datetime.timezone.utc)
DEBUG: 2026-03-22 00:41:36,184 INFO: Loop in canonical_name='Palm groove' center=<WKBElement at 0x10c9b2df0; 0101000000a1d634ef3885124017d9cef753e31d40> id=2 h3_index='88588160d3fffff' created_at=datetime.datetime(2026, 3, 21, 12, 27, 26, 889987, tzinfo=datetime.timezone.utc)
DEBUG: 2026-03-22 00:42:03,069 INFO: Application is starting -----------
DEBUG: 2026-03-22 00:42:03,070 INFO: Application started -----------
DEBUG: 2026-03-22 00:42:06,889 INFO: Loop in canonical_name='Sangotedo' center=<WKBElement at 0x10b63ad60; 0101000000ba490c022b070d40a9a44e4013e11940> id=1 h3_index='88589c8563fffff' created_at=datetime.datetime(2026, 2, 23, 3, 49, 34, 640581, tzinfo=datetime.timezone.utc)
DEBUG: 2026-03-22 00:42:06,901 INFO: Loop in canonical_name='Palm groove' center=<WKBElement at 0x10b63ad90; 0101000000a1d634ef3885124017d9cef753e31d40> id=2 h3_index='88588160d3fffff' created_at=datetime.datetime(2026, 3, 21, 12, 27, 26, 889987, tzinfo=datetime.timezone.utc)
DEBUG: 2026-03-22 00:55:53,635 INFO: Application is starting -----------
DEBUG: 2026-03-22 00:55:53,636 INFO: Application started -----------
DEBUG: 2026-03-22 00:57:31,827 INFO: Application is starting -----------
DEBUG: 2026-03-22 00:57:31,828 INFO: Application started -----------
DEBUG: 2026-03-22 01:03:04,567 INFO: Application is starting -----------
DEBUG: 2026-03-22 01:03:04,571 INFO: Application started -----------
DEBUG: 2026-03-22 01:03:49,395 INFO: Application is starting -----------
DEBUG: 2026-03-22 01:03:49,397 INFO: Application started -----------
DEBUG: 2026-03-22 01:04:50,050 INFO: Application is starting -----------
DEBUG: 2026-03-22 01:04:50,051 INFO: Application started -----------
DEBUG: 2026-03-22 01:07:39,292 INFO: Application is starting -----------
DEBUG: 2026-03-22 01:07:39,294 INFO: Application started -----------
